// Jest Snapshot v1, https://goo.gl/fbAQLP

exports[`Testing <SearchScreen /> should to match with snapshot, with  1`] = `
<div>
  <h1>
    Searcher
  </h1>
  <hr />
  <div
    class="row"
  >
    <div
      class="col-5"
    >
      <h4>
        Search
      </h4>
      <form
        aria-label="form"
      >
        <input
          autocomplete="off"
          class="form-control"
          name="searchText"
          placeholder="Search a hero"
          type="text"
          value=""
        />
        <button
          class="btn btn-outline-primary mt-1"
          type="submit"
        >
          Search...
        </button>
      </form>
    </div>
    <div
      class="col-7"
    >
      <h4>
        Results
      </h4>
      <hr />
      <div
        class="alert alert-info"
      >
        Search a heroe
      </div>
    </div>
  </div>
</div>
`;
