// Jest Snapshot v1, https://goo.gl/fbAQLP

exports[`Test on FirstApp Component must to match with snapshot 1`] = `
<div>
  <h1
    data-testid="test-title"
  >
     
    Hello, I am Goku
     
  </h1>
  <p>
    Mi primera app
  </p>
  <p
    class="subtitle"
  >
    I am subtitle
  </p>
  <p
    class="subtitle"
  >
    I am subtitle
  </p>
</div>
`;
