// Jest Snapshot v1, https://goo.gl/fbAQLP

exports[`Test on FirstApp Component should show Firts App Correctly 1`] = `
<Fragment>
  <h1>
    Hello, I am Goku
    !!!
  </h1>
  <p>
    Mi primera app
  </p>
  <p />
</Fragment>
`;
